// Jest Snapshot v1, https://goo.gl/fbAQLP

exports[`<AddPlayer /> renders without crashing 1`] = `
<form
  onSubmit={[Function]}
>
  <FormGroup
    bsClass="form-group"
  >
    <InputGroup
      bsClass="input-group"
    >
      <FormControl
        bsClass="form-control"
        componentClass="input"
        onChange={[Function]}
        placeholder="Add a new player..."
        type="text"
        value=""
      />
      <InputGroupButton
        bsClass="input-group-btn"
      >
        <Button
          active={false}
          block={false}
          bsClass="btn"
          bsStyle="default"
          disabled={false}
          type="submit"
        >
          Add
        </Button>
      </InputGroupButton>
    </InputGroup>
  </FormGroup>
</form>
`;
