// Jest Snapshot v1, https://goo.gl/fbAQLP

exports[`<PlayerList /> renders without crashing 1`] = `
<TransitionGroup
  childFactory={[Function]}
  component="div"
>
  <CSSTransition
    classNames="fade"
    key="1"
    timeout={500}
  >
    <Player
      deletePlayer={[Function]}
      id="1"
      key="1"
      name="Player One"
      score={31}
      updateScore={[Function]}
    />
  </CSSTransition>
  <CSSTransition
    classNames="fade"
    key="2"
    timeout={500}
  >
    <Player
      deletePlayer={[Function]}
      id="2"
      key="2"
      name="Player Two"
      score={35}
      updateScore={[Function]}
    />
  </CSSTransition>
  <CSSTransition
    classNames="fade"
    key="3"
    timeout={500}
  >
    <Player
      deletePlayer={[Function]}
      id="3"
      key="3"
      name="Player Three"
      score={42}
      updateScore={[Function]}
    />
  </CSSTransition>
</TransitionGroup>
`;
