// Jest Snapshot v1, https://goo.gl/fbAQLP

exports[`<Stats /> renders without crashing 1`] = `
<Component>
  <Provider
    store={
      Object {
        "dispatch": [Function],
        "getState": [Function],
        "replaceReducer": [Function],
        "subscribe": [Function],
        Symbol(observable): [Function],
      }
    }
  >
    <Connect(Stats)>
      <Stats
        dispatch={[Function]}
        players={
          Array [
            Object {
              "id": "1",
              "name": "Player One",
              "score": 31,
            },
            Object {
              "id": "2",
              "name": "Player Two",
              "score": 35,
            },
            Object {
              "id": "3",
              "name": "Player Three",
              "score": 42,
            },
          ]
        }
      >
        <Table
          bordered={false}
          bsClass="table"
          className="stats"
          condensed={false}
          hover={false}
          responsive={false}
          striped={false}
        >
          <table
            className="stats table"
          >
            <tbody>
              <tr
                className="total-players-td-row"
              >
                <td>
                  <strong>
                    Players:
                  </strong>
                </td>
                <td>
                  3
                </td>
              </tr>
              <tr>
                <td>
                  <strong>
                    Total Points:
                  </strong>
                </td>
                <td>
                  108
                </td>
              </tr>
            </tbody>
          </table>
        </Table>
      </Stats>
    </Connect(Stats)>
  </Provider>
</Component>
`;
