// Jest Snapshot v1, https://goo.gl/fbAQLP

exports[`<Player /> renders without crashing 1`] = `
<Row
  bsClass="row"
  componentClass="div"
>
  <Col
    bsClass="col"
    className="player-name"
    componentClass="div"
    xs={9}
  >
    <div>
      test name
      <button
        className="glyphicon glyphicon-remove"
        onClick={[Function]}
      />
    </div>
  </Col>
  <Col
    bsClass="col"
    className="player-counter"
    componentClass="div"
    xs={3}
  >
    <Counter
      id={1}
      score={2}
      updateScore={[Function]}
    />
  </Col>
  <Col
    bsClass="col"
    className="horizonal-rule"
    componentClass="div"
    md={12}
  />
</Row>
`;
